../Core/Src/main.c:159:6:delay_us	16	static
../Core/Src/main.c:166:6:start_signal	24	static
../Core/Src/main.c:184:9:check_response	8	static
../Core/Src/main.c:202:9:read_byte	16	static
../Core/Src/main.c:216:6:send_uart	16	static
../Core/Src/main.c:227:5:main	48	static
../Core/Src/main.c:370:6:SystemClock_Config	72	static
../Core/Src/main.c:410:13:MX_TIM1_Init	32	static
../Core/Src/main.c:456:13:MX_USART1_UART_Init	8	static
../Core/Src/main.c:489:13:MX_GPIO_Init	40	static
../Core/Src/main.c:522:6:Error_Handler	4	static,ignoring_inline_asm
