../Core/Src/main.c:74:6:delay_us	16	static
../Core/Src/main.c:81:6:start_signal	24	static
../Core/Src/main.c:103:9:check_response	8	static
../Core/Src/main.c:117:9:read_byte	16	static
../Core/Src/main.c:132:6:process_sensor_data	24	static
../Core/Src/main.c:157:6:send_uart_message	16	static
../Core/Src/main.c:172:5:main	16	static
../Core/Src/main.c:229:6:SystemClock_Config	72	static
../Core/Src/main.c:268:13:MX_TIM1_Init	32	static
../Core/Src/main.c:314:13:MX_USART1_UART_Init	8	static
../Core/Src/main.c:347:13:MX_GPIO_Init	32	static
../Core/Src/main.c:378:6:Error_Handler	4	static,ignoring_inline_asm
