../Core/Src/main.c:84:8:microDelay	16	static
../Core/Src/main.c:90:11:DHT11_Start	32	static
../Core/Src/main.c:121:11:DHT11_Read	16	static
../Core/Src/main.c:155:5:main	16	static
../Core/Src/main.c:240:6:SystemClock_Config	72	static
../Core/Src/main.c:280:13:MX_I2C1_Init	8	static
../Core/Src/main.c:314:13:MX_TIM1_Init	32	static
../Core/Src/main.c:360:13:MX_USART1_UART_Init	8	static
../Core/Src/main.c:393:13:MX_GPIO_Init	40	static
../Core/Src/main.c:426:6:Error_Handler	4	static,ignoring_inline_asm
