../Core/Src/MAX31865 .c:20:6:writeRegister8	24	static
../Core/Src/MAX31865 .c:35:6:readRegisterN	16	static
../Core/Src/MAX31865 .c:49:9:readRegister8	24	static
../Core/Src/MAX31865 .c:60:10:readRegister16	24	static
../Core/Src/MAX31865 .c:76:10:readRegister24	24	static
../Core/Src/MAX31865 .c:92:6:setWires	24	static
../Core/Src/MAX31865 .c:105:6:enableBias	24	static
../Core/Src/MAX31865 .c:119:6:autoConvert	24	static
../Core/Src/MAX31865 .c:133:6:enable50Hz	24	static
../Core/Src/MAX31865 .c:148:6:setThresholds	16	static
../Core/Src/MAX31865 .c:159:10:getLowerThreshold	8	static
../Core/Src/MAX31865 .c:167:10:getUpperThreshold	8	static
../Core/Src/MAX31865 .c:175:6:begin	16	static
../Core/Src/MAX31865 .c:195:10:readRTD	16	static
../Core/Src/MAX31865 .c:219:7:temperature	16	static
../Core/Src/MAX31865 .c:230:7:calculateTemperature	64	static
../Core/Src/MAX31865 .c:271:9:readFault	24	static
../Core/Src/MAX31865 .c:297:6:clearFault	16	static
